// Jest Snapshot v1, https://goo.gl/fbAQLP

exports[`App matches snapshot 1`] = `
<DocumentFragment>
  <div>
    <div>
      <header
        class="MuiPaper-root MuiPaper-elevation4 MuiAppBar-root MuiAppBar-positionFixed MuiAppBar-colorPrimary mui-fixed"
        data-testid="header"
      >
        <div
          class="MuiToolbar-root MuiToolbar-regular MuiToolbar-gutters"
        >
          <h6
            class="MuiTypography-root makeStyles-title-1 MuiTypography-h6"
          >
            Loft Taxi
          </h6>
          <button
            class="MuiButtonBase-root MuiButton-root MuiButton-text MuiButton-colorInherit Mui-disabled Mui-disabled"
            disabled=""
            tabindex="-1"
            type="button"
          >
            <span
              class="MuiButton-label"
            >
              Карта
            </span>
          </button>
          <button
            class="MuiButtonBase-root MuiButton-root MuiButton-text MuiButton-colorInherit Mui-disabled Mui-disabled"
            disabled=""
            tabindex="-1"
            type="button"
          >
            <span
              class="MuiButton-label"
            >
              Профиль
            </span>
          </button>
          <button
            class="MuiButtonBase-root MuiButton-root MuiButton-text MuiButton-colorInherit"
            tabindex="0"
            type="button"
          >
            <span
              class="MuiButton-label"
            >
              Войти
            </span>
            <span
              class="MuiTouchRipple-root"
            />
          </button>
        </div>
      </header>
    </div>
  </div>
</DocumentFragment>
`;

exports[`Examining the syntax of Jest tests matches snapshot 1`] = `
<DocumentFragment>
  <div>
    <div>
      <header
        class="MuiPaper-root MuiPaper-elevation4 MuiAppBar-root MuiAppBar-positionFixed MuiAppBar-colorPrimary mui-fixed"
        data-testid="header"
      >
        <div
          class="MuiToolbar-root MuiToolbar-regular MuiToolbar-gutters"
        >
          <h6
            class="MuiTypography-root makeStyles-title-1 MuiTypography-h6"
          >
            Loft Taxi
          </h6>
          <button
            class="MuiButtonBase-root MuiButton-root MuiButton-text MuiButton-colorInherit Mui-disabled Mui-disabled"
            disabled=""
            tabindex="-1"
            type="button"
          >
            <span
              class="MuiButton-label"
            >
              Карта
            </span>
          </button>
          <button
            class="MuiButtonBase-root MuiButton-root MuiButton-text MuiButton-colorInherit Mui-disabled Mui-disabled"
            disabled=""
            tabindex="-1"
            type="button"
          >
            <span
              class="MuiButton-label"
            >
              Профиль
            </span>
          </button>
          <button
            class="MuiButtonBase-root MuiButton-root MuiButton-text MuiButton-colorInherit"
            tabindex="0"
            type="button"
          >
            <span
              class="MuiButton-label"
            >
              Войти
            </span>
            <span
              class="MuiTouchRipple-root"
            />
          </button>
        </div>
      </header>
    </div>
  </div>
</DocumentFragment>
`;
